// Jest Snapshot v1, https://goo.gl/fbAQLP

exports[`Render form Should render registration form 1`] = `
<div>
  <form
    class="input-group"
    id="register"
  >
    <input
      class="input-field"
      data-testid="name"
      name="name"
      placeholder="Full Name"
      required=""
      type="text"
      value=""
    />
    <input
      class="input-field"
      data-testid="address"
      name="address"
      placeholder="Address"
      required=""
      type="text"
      value=""
    />
    <input
      class="input-field"
      data-testid="phone"
      name="phone"
      placeholder="Phone Number"
      required=""
      type="text"
      value=""
    />
    <input
      class="input-field"
      data-testid="username"
      name="username"
      placeholder="User Name"
      required=""
      type="text"
      value=""
    />
    <input
      class="input-field"
      data-testid="password"
      name="password"
      placeholder="Password"
      required=""
      type="password"
      value=""
    />
    <input
      class="input-field"
      data-testid="confirmPass"
      name="confirmPass"
      placeholder="Confirm Password"
      required=""
      type="password"
      value=""
    />
    <button
      class="submit-btn"
      type="submit"
    >
      Register
    </button>
  </form>
</div>
`;
